// Jest Snapshot v1, https://goo.gl/fbAQLP

exports[`<UserLogin /> User login renders correctly 1`] = `
<Page
  className="login-page"
>
  <Row
    bsClass="row"
    componentClass="div"
  >
    <Col
      bsClass="col"
      className="login-container"
      componentClass="div"
      lg={4}
      lgOffset={4}
      md={4}
      mdOffset={4}
      sm={6}
      smOffset={3}
      xs={10}
      xsOffset={1}
    >
      <div
        className="login-heading"
      >
        LOGIN
      </div>
      <form
        onSubmit={[Function]}
      >
        <FormGroup
          bsClass="form-group"
          controlId="username"
          validationState={null}
        >
          <ControlLabel
            bsClass="control-label"
            srOnly={false}
          >
            Username
          </ControlLabel>
          <FormControl
            bsClass="form-control"
            componentClass="input"
            name="username"
            onChange={[Function]}
            placeholder="Username"
            type="text"
            value=""
          />
        </FormGroup>
        <FormGroup
          bsClass="form-group"
          controlId="password"
          validationState={null}
        >
          <ControlLabel
            bsClass="control-label"
            srOnly={false}
          >
            Password
          </ControlLabel>
          <FormControl
            bsClass="form-control"
            componentClass="input"
            name="password"
            onChange={[Function]}
            placeholder="Password"
            type="password"
            value=""
          />
        </FormGroup>
        <Button
          active={false}
          block={false}
          bsClass="btn"
          bsStyle="default"
          className="login-button"
          disabled={true}
          id="submit"
          type="submit"
        >
          Login
        </Button>
        <styled.div
          className="md-row md-full-width"
        />
      </form>
      <div
        className="register-link"
      >
        Not registered yet?
        <br />
        <Link
          className=""
          replace={false}
          to="/register"
        >
            Click Here 
        </Link>
         to Register!
      </div>
    </Col>
  </Row>
</Page>
`;

exports[`<UserSignup /> User signup renders correctly 1`] = `
<Page
  className="login-page"
>
  <Row
    bsClass="row"
    componentClass="div"
  >
    <Col
      bsClass="col"
      className="login-container"
      componentClass="div"
      lg={4}
      lgOffset={4}
      md={4}
      mdOffset={4}
      sm={6}
      smOffset={3}
      xs={10}
      xsOffset={1}
    >
      <div
        className="login-heading"
      >
        LOGIN
      </div>
      <form
        onSubmit={[Function]}
      >
        <FormGroup
          bsClass="form-group"
          controlId="username"
          validationState={null}
        >
          <ControlLabel
            bsClass="control-label"
            srOnly={false}
          >
            Username
          </ControlLabel>
          <FormControl
            bsClass="form-control"
            componentClass="input"
            name="username"
            onChange={[Function]}
            placeholder="Username"
            type="text"
            value=""
          />
        </FormGroup>
        <FormGroup
          bsClass="form-group"
          controlId="password"
          validationState={null}
        >
          <ControlLabel
            bsClass="control-label"
            srOnly={false}
          >
            Password
          </ControlLabel>
          <FormControl
            bsClass="form-control"
            componentClass="input"
            name="password"
            onChange={[Function]}
            placeholder="Password"
            type="password"
            value=""
          />
        </FormGroup>
        <Button
          active={false}
          block={false}
          bsClass="btn"
          bsStyle="default"
          className="login-button"
          disabled={true}
          id="submit"
          type="submit"
        >
          Login
        </Button>
        <styled.div
          className="md-row md-full-width"
        />
      </form>
      <div
        className="register-link"
      >
        Not registered yet?
        <br />
        <Link
          className=""
          replace={false}
          to="/register"
        >
            Click Here 
        </Link>
         to Register!
      </div>
    </Col>
  </Row>
</Page>
`;
