// Jest Snapshot v1, https://goo.gl/fbAQLP

exports[`<UserLogin /> User login renders correctly 1`] = `
<Page>
  <Row
    bsClass="row"
    componentClass="div"
  >
    <Col
      bsClass="col"
      componentClass="div"
      md={4}
      mdOffset={4}
      sm={6}
      smOffset={3}
    >
      <form
        onSubmit={[Function]}
      >
        <FormGroup
          bsClass="form-group"
          controlId="username"
          validationState="error"
        >
          <ControlLabel
            bsClass="control-label"
            srOnly={false}
          >
            Username
          </ControlLabel>
          <FormControl
            bsClass="form-control"
            componentClass="input"
            name="username"
            onChange={[Function]}
            placeholder="Username"
            type="text"
            value=""
          />
        </FormGroup>
        <FormGroup
          bsClass="form-group"
          controlId="password"
          validationState="error"
        >
          <ControlLabel
            bsClass="control-label"
            srOnly={false}
          >
            Passowrd
          </ControlLabel>
          <FormControl
            bsClass="form-control"
            componentClass="input"
            name="password"
            onChange={[Function]}
            placeholder="Password"
            type="password"
            value=""
          />
        </FormGroup>
        <Button
          active={false}
          block={false}
          bsClass="btn"
          bsStyle="default"
          disabled={true}
          id="submit"
          type="submit"
        >
          Login
        </Button>
        <Link
          className="md-cell"
          replace={false}
          to="/register"
        >
          Not registered yet?
        </Link>
        <styled.div
          className="md-row md-full-width"
        />
      </form>
    </Col>
  </Row>
</Page>
`;

exports[`<UserSignup /> User signup renders correctly 1`] = `
<Page>
  <Row
    bsClass="row"
    componentClass="div"
  >
    <Col
      bsClass="col"
      componentClass="div"
      md={4}
      mdOffset={4}
      sm={6}
      smOffset={3}
    >
      <form
        onSubmit={[Function]}
      >
        <FormGroup
          bsClass="form-group"
          controlId="username"
          validationState="error"
        >
          <ControlLabel
            bsClass="control-label"
            srOnly={false}
          >
            Username
          </ControlLabel>
          <FormControl
            bsClass="form-control"
            componentClass="input"
            name="username"
            onChange={[Function]}
            placeholder="Username"
            type="text"
            value=""
          />
        </FormGroup>
        <FormGroup
          bsClass="form-group"
          controlId="password"
          validationState="error"
        >
          <ControlLabel
            bsClass="control-label"
            srOnly={false}
          >
            Passowrd
          </ControlLabel>
          <FormControl
            bsClass="form-control"
            componentClass="input"
            name="password"
            onChange={[Function]}
            placeholder="Password"
            type="password"
            value=""
          />
        </FormGroup>
        <Button
          active={false}
          block={false}
          bsClass="btn"
          bsStyle="default"
          disabled={true}
          id="submit"
          type="submit"
        >
          Login
        </Button>
        <Link
          className="md-cell"
          replace={false}
          to="/register"
        >
          Not registered yet?
        </Link>
        <styled.div
          className="md-row md-full-width"
        />
      </form>
    </Col>
  </Row>
</Page>
`;
